------------------------------------------------------------
TimeQuest Timing Analyzer Summary
------------------------------------------------------------

Type  : Slow 1200mV 85C Model Setup 'CLK50M'
Slack : -14.914
TNS   : -4148.159

Type  : Slow 1200mV 85C Model Hold 'CLK50M'
Slack : 0.399
TNS   : 0.000

Type  : Slow 1200mV 85C Model Recovery 'CLK50M'
Slack : -2.090
TNS   : -1423.496

Type  : Slow 1200mV 85C Model Removal 'CLK50M'
Slack : 1.961
TNS   : 0.000

Type  : Slow 1200mV 85C Model Minimum Pulse Width 'CLK50M'
Slack : -3.201
TNS   : -1298.006

Type  : Slow 1200mV 0C Model Setup 'CLK50M'
Slack : -13.473
TNS   : -3800.751

Type  : Slow 1200mV 0C Model Hold 'CLK50M'
Slack : 0.380
TNS   : 0.000

Type  : Slow 1200mV 0C Model Recovery 'CLK50M'
Slack : -1.783
TNS   : -1196.200

Type  : Slow 1200mV 0C Model Removal 'CLK50M'
Slack : 1.767
TNS   : 0.000

Type  : Slow 1200mV 0C Model Minimum Pulse Width 'CLK50M'
Slack : -3.201
TNS   : -1298.006

Type  : Fast 1200mV 0C Model Setup 'CLK50M'
Slack : -6.032
TNS   : -1319.633

Type  : Fast 1200mV 0C Model Hold 'CLK50M'
Slack : 0.143
TNS   : 0.000

Type  : Fast 1200mV 0C Model Recovery 'CLK50M'
Slack : -0.440
TNS   : -252.447

Type  : Fast 1200mV 0C Model Removal 'CLK50M'
Slack : 0.900
TNS   : 0.000

Type  : Fast 1200mV 0C Model Minimum Pulse Width 'CLK50M'
Slack : -3.000
TNS   : -903.934

------------------------------------------------------------
